0001	Prog	1	4	
0004	I_Variable	0	3	
0007	I_Constant	0	
0009	I_Assign	1	
0011	I_Variable	0	3	
0014	I_Constant	1	
0016	I_Assign	1	
0018	I_Variable	0	3	
0021	I_Value	
0022	I_Write	1	
0024	EndProg	
