0001	Prog	1	4	
0004	I_Variable	0	3	
0007	I_Constant	0	
0009	I_Assign	1	
0011	EndProg	
